
> 35_today_yakuk@0.1.0 build
> next build

  ▲ Next.js 14.2.15
  - Environments: .env.local

   Creating an optimized production build ...
 ✓ Compiled successfully
   Linting and checking validity of types ...
   Collecting page data ...
 ⚠ Using edge runtime on a page currently disables static generation for that page
   Generating static pages (0/91) ...
   Generating static pages (22/91) 
   Generating static pages (45/91) 
   Generating static pages (68/91) 
 ✓ Generating static pages (91/91)
   Finalizing page optimization ...
   Collecting build traces ...

Route (app)                                   Size     First Load JS
┌ ○ /                                         5.6 kB         99.6 kB
├ ○ /_not-found                               876 B          88.1 kB
├ ƒ /[province]/[city]                        5.45 kB        99.4 kB
├ ○ /about                                    246 B          94.2 kB
├ ƒ /admin                                    2.02 kB          96 kB
├ ○ /admin/login                              1.04 kB        88.2 kB
├ ƒ /admin/queue                              932 B          94.9 kB
├ ƒ /admin/queue/[id]                         2.55 kB        96.5 kB
├ ƒ /api/admin/login                          0 B                0 B
├ ƒ /api/admin/queue/[id]                     0 B                0 B
├ ƒ /api/admin/trigger/blog                   0 B                0 B
├ ƒ /api/admin/trigger/enrich                 0 B                0 B
├ ƒ /api/nearby                               0 B                0 B
├ ƒ /api/og                                   0 B                0 B
├ ƒ /api/pharmacies                           0 B                0 B
├ ○ /blog                                     246 B          94.2 kB
├ ƒ /blog/[slug]                              160 B          87.3 kB
├ ○ /blog/digestion-hangover-pharmacy-guide   246 B          94.2 kB
├ ○ /blog/holiday-open-pharmacy-tips          245 B          94.2 kB
├ ○ /blog/hypertension-diabetes-holiday-tips  246 B          94.2 kB
├ ○ /blog/kids-fever-meds-check               246 B          94.2 kB
├ ○ /blog/lost-prescription-action-guide      246 B          94.2 kB
├ ○ /blog/night-pharmacy-checklist            246 B          94.2 kB
├ ○ /blog/night-radius-tips                   245 B          94.2 kB
├ ○ /blog/pharmacy-faq-top10                  245 B          94.2 kB
├ ○ /blog/pregnancy-pharmacy-guide            245 B          94.2 kB
├ ○ /blog/prescription-prep-tips              246 B          94.2 kB
├ ○ /blog/skin-trouble-first-aid-kit          245 B          94.2 kB
├ ○ /blog/summer-first-aid-kit                245 B          94.2 kB
├ ○ /contact                                  160 B          87.3 kB
├ ○ /guide                                    246 B          94.2 kB
├ ○ /guide/call-navigation-tips               245 B          94.2 kB
├ ○ /guide/call-scripts                       245 B          94.2 kB
├ ○ /guide/holiday-checklist                  245 B          94.2 kB
├ ○ /guide/night-weekend                      245 B          94.2 kB
├ ○ /guide/radius-selection                   249 B          94.2 kB
├ ○ /guide/summer-emergency-kit               245 B          94.2 kB
├ ƒ /hub/[slug]                               246 B          94.2 kB
├ ○ /manifest.webmanifest                     0 B                0 B
├ ○ /nearby                                   4.78 kB        98.8 kB
├ ƒ /pharmacy/[id]                            2.35 kB        96.3 kB
├ ○ /privacy                                  160 B          87.3 kB
├ ○ /robots.txt                               0 B                0 B
├ ○ /rss.xml                                  0 B                0 B
├ ● /sitemap/[__metadata_id__]                0 B                0 B
├   ├ /sitemap/static.xml
├   ├ /sitemap/supplements-0.xml
├   ├ /sitemap/supplements-1.xml
├   └ [+47 more paths]
├ ƒ /wiki                                     197 B          99.3 kB
├ ƒ /wiki/ingredient/[name]                   247 B          94.2 kB
├ ƒ /wiki/medicine/[id]                       197 B          99.3 kB
├ ƒ /wiki/product/[id]                        67.6 kB         167 kB
├ ƒ /wiki/tag/[keyword]                       197 B          99.3 kB
└ ƒ /wiki/vs/[compareId]                      197 B          99.3 kB
+ First Load JS shared by all                 87.2 kB
  ├ chunks/2117-2aca08fbe497edce.js           31.6 kB
  ├ chunks/fd9d1056-47b4855f37a4a5ee.js       53.6 kB
  └ other shared chunks (total)               1.96 kB


ƒ Middleware                                  26.8 kB

○  (Static)   prerendered as static content
●  (SSG)      prerendered as static HTML (uses getStaticProps)
ƒ  (Dynamic)  server-rendered on demand

